2026-02-21 00:01:02.130 - [INFO ] - pscc destroy
2026-02-21 00:01:02.244 - [INFO ] - hikari-pool - Shutdown initiated...
2026-02-21 00:01:02.271 - [INFO ] - hikari-pool - Shutdown completed.
2026-02-21 00:02:46.966 - [INFO ] - Starting PsccApplication v20.21 using Java 11.0.29 on 142-0 with PID 4777 (/usr/local/cc/pscc-20.21.jar started by root in /usr/local/cc)
2026-02-21 00:02:46.984 - [INFO ] - No active profile set, falling back to default profiles: default
2026-02-21 00:02:55.971 - [INFO ] - Initializing ProtocolHandler ["https-jsse-nio-52666"]
2026-02-21 00:02:55.975 - [INFO ] - Starting service [Tomcat]
2026-02-21 00:02:55.977 - [INFO ] - Starting Servlet engine: [Apache Tomcat/9.0.41]
2026-02-21 00:02:56.254 - [INFO ] - Initializing Spring embedded WebApplicationContext
2026-02-21 00:03:05.209 - [INFO ] - Starting ProtocolHandler ["https-jsse-nio-52666"]
2026-02-21 00:03:05.728 - [INFO ] - Started PsccApplication in 23.509 seconds (JVM running for 27.847)
2026-02-21 00:03:05.743 - [INFO ] - pscc init
2026-02-21 00:03:06.502 - [INFO ] - RabbitMQ connected!
2026-02-21 00:03:06.702 - [INFO ] - hikari-pool - Starting...
2026-02-21 00:03:08.261 - [INFO ] - hikari-pool - Start completed.
2026-02-21 04:01:48.984 - [INFO ] - pscc destroy
2026-02-21 04:01:49.057 - [INFO ] - hikari-pool - Shutdown initiated...
2026-02-21 04:01:49.080 - [INFO ] - hikari-pool - Shutdown completed.
2026-02-21 04:04:07.272 - [INFO ] - Starting PsccApplication v20.21 using Java 11.0.29 on 142-0 with PID 4867 (/usr/local/cc/pscc-20.21.jar started by root in /usr/local/cc)
2026-02-21 04:04:07.320 - [INFO ] - No active profile set, falling back to default profiles: default
2026-02-21 04:04:16.696 - [INFO ] - Initializing ProtocolHandler ["https-jsse-nio-52666"]
2026-02-21 04:04:16.698 - [INFO ] - Starting service [Tomcat]
2026-02-21 04:04:16.700 - [INFO ] - Starting Servlet engine: [Apache Tomcat/9.0.41]
2026-02-21 04:04:17.021 - [INFO ] - Initializing Spring embedded WebApplicationContext
2026-02-21 04:04:26.444 - [INFO ] - Starting ProtocolHandler ["https-jsse-nio-52666"]
2026-02-21 04:04:27.223 - [INFO ] - Started PsccApplication in 25.062 seconds (JVM running for 29.49)
2026-02-21 04:04:27.252 - [INFO ] - pscc init
2026-02-21 04:04:28.253 - [INFO ] - RabbitMQ connected!
2026-02-21 04:04:28.418 - [INFO ] - hikari-pool - Starting...
2026-02-21 04:04:30.068 - [INFO ] - hikari-pool - Start completed.
2026-02-21 15:52:19.159 - [INFO ] - Initializing Spring DispatcherServlet 'dispatcherServlet'
2026-02-21 20:24:13.004 - [INFO ] - 编码格式：UTF-8
2026-02-21 20:24:13.457 - [INFO ] - 编码格式：UTF-8
2026-02-21 20:24:13.760 - [INFO ] - 编码格式：UTF-8
2026-02-21 20:24:13.984 - [INFO ] - 编码格式：UTF-8
2026-02-21 20:24:14.382 - [INFO ] - 编码格式：GB18030
2026-02-21 20:24:14.697 - [INFO ] - 编码格式：UTF-8
2026-02-21 20:24:14.889 - [INFO ] - 编码格式：UTF-8
2026-02-21 20:24:15.042 - [INFO ] - 编码格式：UTF-8
2026-02-21 20:24:15.226 - [INFO ] - 编码格式：UTF-8
2026-02-21 20:24:15.441 - [INFO ] - 编码格式：UTF-8
2026-02-21 20:24:15.784 - [INFO ] - 编码格式：GB18030
2026-02-21 20:24:16.005 - [INFO ] - 编码格式：UTF-8
2026-02-21 20:24:16.173 - [INFO ] - 编码格式：UTF-8
2026-02-21 20:24:16.399 - [INFO ] - 编码格式：UTF-8
2026-02-21 20:24:16.638 - [INFO ] - 编码格式：UTF-8
2026-02-21 20:24:16.862 - [INFO ] - 编码格式：UTF-8
2026-02-21 20:24:17.081 - [INFO ] - 编码格式：UTF-8
2026-02-21 20:24:17.310 - [INFO ] - 编码格式：UTF-8
2026-02-21 20:24:17.588 - [INFO ] - 编码格式：UTF-8
2026-02-21 20:24:17.783 - [INFO ] - 编码格式：UTF-8
2026-02-21 20:24:17.968 - [INFO ] - 编码格式：UTF-8
2026-02-21 20:24:18.200 - [INFO ] - 编码格式：UTF-8
2026-02-21 20:24:18.417 - [INFO ] - 编码格式：UTF-8
2026-02-21 20:24:18.631 - [INFO ] - 编码格式：UTF-8
2026-02-21 20:24:18.889 - [INFO ] - 编码格式：GB18030
2026-02-21 20:24:19.130 - [INFO ] - 编码格式：UTF-8
2026-02-21 20:24:19.345 - [INFO ] - 编码格式：UTF-8
2026-02-21 20:24:19.536 - [INFO ] - 编码格式：UTF-8
2026-02-21 20:24:19.788 - [INFO ] - 编码格式：GB18030
2026-02-21 20:24:20.051 - [INFO ] - 编码格式：UTF-8
2026-02-21 20:24:20.277 - [INFO ] - 编码格式：UTF-8
2026-02-21 20:24:20.545 - [INFO ] - 编码格式：GB18030
2026-02-21 20:24:22.347 - [INFO ] - 编码格式：UTF-8
2026-02-21 20:24:22.577 - [INFO ] - 编码格式：UTF-8
2026-02-21 20:24:22.793 - [INFO ] - 编码格式：UTF-8
2026-02-21 20:24:23.089 - [INFO ] - 编码格式：GB18030
2026-02-21 20:24:23.283 - [INFO ] - 编码格式：GB18030
2026-02-21 20:24:23.431 - [INFO ] - 编码格式：UTF-8
2026-02-21 20:24:23.647 - [INFO ] - 编码格式：UTF-8
2026-02-21 20:24:23.864 - [INFO ] - 编码格式：UTF-8
2026-02-21 20:26:32.465 - [INFO ] - 编码格式：UTF-8
2026-02-21 20:26:32.708 - [INFO ] - 编码格式：UTF-8
2026-02-21 20:26:32.962 - [INFO ] - 编码格式：UTF-8
2026-02-21 20:26:33.209 - [INFO ] - 编码格式：UTF-8
2026-02-21 20:26:33.446 - [INFO ] - 编码格式：UTF-8
2026-02-21 20:26:33.671 - [INFO ] - 编码格式：UTF-8
2026-02-21 20:26:33.914 - [INFO ] - 编码格式：UTF-8
2026-02-21 20:26:34.190 - [INFO ] - 编码格式：UTF-8
2026-02-21 20:26:34.430 - [INFO ] - 编码格式：UTF-8
2026-02-21 20:26:34.646 - [INFO ] - 编码格式：UTF-8
2026-02-21 20:26:34.867 - [INFO ] - 编码格式：UTF-8
2026-02-21 20:26:35.096 - [INFO ] - 编码格式：UTF-8
2026-02-21 20:26:35.375 - [INFO ] - 编码格式：GB18030
2026-02-21 20:26:35.646 - [INFO ] - 编码格式：UTF-8
2026-02-21 20:26:35.876 - [INFO ] - 编码格式：UTF-8
2026-02-21 20:26:36.115 - [INFO ] - 编码格式：UTF-8
2026-02-21 20:26:36.447 - [INFO ] - 编码格式：GB18030
2026-02-21 20:26:36.729 - [INFO ] - 编码格式：UTF-8
2026-02-21 20:26:37.041 - [INFO ] - 编码格式：GB18030
2026-02-21 20:26:37.395 - [INFO ] - 编码格式：GB18030
2026-02-21 20:26:38.328 - [INFO ] - 编码格式：GB18030
2026-02-21 20:26:38.624 - [INFO ] - 编码格式：UTF-8
2026-02-21 20:26:38.843 - [INFO ] - 编码格式：UTF-8
2026-02-21 20:26:39.082 - [INFO ] - 编码格式：UTF-8
2026-02-21 20:26:39.315 - [INFO ] - 编码格式：UTF-8
2026-02-21 20:26:39.544 - [INFO ] - 编码格式：UTF-8
2026-02-21 20:26:39.771 - [INFO ] - 编码格式：UTF-8
2026-02-21 20:26:39.975 - [INFO ] - 编码格式：UTF-8
2026-02-21 20:26:40.166 - [INFO ] - 编码格式：UTF-8
2026-02-21 20:26:40.404 - [INFO ] - 编码格式：UTF-8
2026-02-21 20:29:56.964 - [INFO ] - 编码格式：UTF-8
2026-02-21 20:29:57.223 - [INFO ] - 编码格式：UTF-8
2026-02-21 20:29:57.445 - [INFO ] - 编码格式：UTF-8
2026-02-21 20:29:57.716 - [INFO ] - 编码格式：UTF-8
2026-02-21 20:29:57.939 - [INFO ] - 编码格式：UTF-8
2026-02-21 20:29:58.180 - [INFO ] - 编码格式：UTF-8
2026-02-21 20:29:58.394 - [INFO ] - 编码格式：UTF-8
2026-02-21 20:29:58.621 - [INFO ] - 编码格式：UTF-8
2026-02-21 20:29:58.790 - [INFO ] - 编码格式：UTF-8
2026-02-21 20:29:59.021 - [INFO ] - 编码格式：GB18030
2026-02-21 20:29:59.300 - [INFO ] - 编码格式：UTF-8
2026-02-21 20:29:59.588 - [INFO ] - 编码格式：GB18030
2026-02-21 20:29:59.954 - [INFO ] - 编码格式：GB18030
2026-02-21 20:30:00.407 - [INFO ] - 编码格式：GB18030
2026-02-21 20:30:00.839 - [INFO ] - 编码格式：GB18030
2026-02-21 20:30:01.106 - [INFO ] - 编码格式：UTF-8
2026-02-21 20:30:01.324 - [INFO ] - 编码格式：UTF-8
2026-02-21 20:30:01.537 - [INFO ] - 编码格式：UTF-8
2026-02-21 20:30:01.761 - [INFO ] - 编码格式：UTF-8
2026-02-21 20:30:02.000 - [INFO ] - 编码格式：UTF-8
2026-02-21 20:30:02.233 - [INFO ] - 编码格式：UTF-8
2026-02-21 20:30:02.458 - [INFO ] - 编码格式：UTF-8
2026-02-21 20:30:02.651 - [INFO ] - 编码格式：UTF-8
2026-02-21 20:30:02.817 - [INFO ] - 编码格式：UTF-8
2026-02-21 20:30:02.996 - [INFO ] - 编码格式：UTF-8
2026-02-21 20:30:03.215 - [INFO ] - 编码格式：UTF-8
2026-02-21 20:30:11.907 - [INFO ] - 编码格式：UTF-8
2026-02-21 20:30:12.136 - [INFO ] - 编码格式：UTF-8
2026-02-21 20:30:12.358 - [INFO ] - 编码格式：UTF-8
2026-02-21 20:30:12.641 - [INFO ] - 编码格式：GB18030
2026-02-21 20:50:40.628 - [INFO ] - 编码格式：GB18030
